
################################################################
[1m[32mInstall script for stable-diffusion + Web UI
[1m[34mTested on Debian 11 (Bullseye), Fedora 34+ and openSUSE Leap 15.4 or newer.[0m
################################################################

################################################################
Running on [1m[32mroot[0m user
################################################################

################################################################
Repo already cloned, using it as install directory
################################################################

################################################################
python venv already activate or run without venv: 
################################################################

################################################################
Launching launch.py...
################################################################
glibc version is 2.36
[1m[31mCannot locate TCMalloc. Do you have tcmalloc or google-perftool installed on your system? (improves CPU memory usage)[0m
Launching Web UI with arguments: -f --api --skip-prepare-environment --skip-torch-cuda-test --skip-version-check --no-half --use-cpu all --no-download-sd-model --skip-load-model-at-start --port 7860
/usr/local/lib/python3.10/site-packages/timm/models/layers/__init__.py:49: FutureWarning: Importing from timm.models.layers is deprecated, please import via timm.layers
  warnings.warn(f"Importing from {__name__} is deprecated, please import via timm.layers", FutureWarning)
no module 'xformers'. Processing without...
no module 'xformers'. Processing without...
No module 'xformers'. Proceeding without it.
Warning: caught exception 'Torch not compiled with CUDA enabled', memory monitor disabled
Running on local URL:  http://127.0.0.1:7860

To create a public link, set `share=True` in `launch()`.
Startup time: 5.7s (import torch: 2.8s, import gradio: 0.6s, setup paths: 0.4s, initialize shared: 0.2s, other imports: 0.3s, load scripts: 0.4s, create ui: 0.3s, gradio launch: 0.4s, add APIs: 0.1s).
Calculating sha256 for /app/webui/models/Stable-diffusion/mbe2e_neg/model.safetensors: 19683dd1652104af65b6a69d6a8f2721770e32b8a3c59267e61a67548caad5a0
Loading weights [19683dd165] from /app/webui/models/Stable-diffusion/mbe2e_neg/model.safetensors
Creating model from config: /app/webui/models/Stable-diffusion/mbe2e_neg/model.yaml
changing setting sd_model_checkpoint to mbe2e_neg/model.safetensors: AttributeError
Traceback (most recent call last):
  File "/app/webui/modules/options.py", line 165, in set
    option.onchange()
  File "/app/webui/modules/call_queue.py", line 14, in f
    res = func(*args, **kwargs)
  File "/app/webui/modules/initialize_util.py", line 181, in <lambda>
    shared.opts.onchange("sd_model_checkpoint", wrap_queued_call(lambda: sd_models.reload_model_weights()), call=False)
  File "/app/webui/modules/sd_models.py", line 977, in reload_model_weights
    load_model(checkpoint_info, already_loaded_state_dict=state_dict)
  File "/app/webui/modules/sd_models.py", line 845, in load_model
    load_model_weights(sd_model, checkpoint_info, state_dict, timer)
  File "/app/webui/modules/sd_models.py", line 424, in load_model_weights
    set_model_type(model, state_dict)
  File "/app/webui/modules/sd_models.py", line 397, in set_model_type
    elif hasattr(model.cond_stage_model, 'model'):
  File "/usr/local/lib/python3.10/site-packages/torch/nn/modules/module.py", line 1695, in __getattr__
    raise AttributeError(f"'{type(self).__name__}' object has no attribute '{name}'")
AttributeError: 'Identity' object has no attribute 'cond_stage_model'

Calculating sha256 for /app/webui/models/Stable-diffusion/mbe2e_pack/model.safetensors: d5f1f2669119094351dcd419f93e40bec964ff6a08223a0f6ad1598cf34e5133
Loading weights [d5f1f26691] from /app/webui/models/Stable-diffusion/mbe2e_pack/model.safetensors
Creating model from config: /app/webui/models/Stable-diffusion/mbe2e_pack/model.yaml
changing setting sd_model_checkpoint to mbe2e_pack/model.safetensors: AttributeError
Traceback (most recent call last):
  File "/app/webui/modules/options.py", line 165, in set
    option.onchange()
  File "/app/webui/modules/call_queue.py", line 14, in f
    res = func(*args, **kwargs)
  File "/app/webui/modules/initialize_util.py", line 181, in <lambda>
    shared.opts.onchange("sd_model_checkpoint", wrap_queued_call(lambda: sd_models.reload_model_weights()), call=False)
  File "/app/webui/modules/sd_models.py", line 977, in reload_model_weights
    load_model(checkpoint_info, already_loaded_state_dict=state_dict)
  File "/app/webui/modules/sd_models.py", line 845, in load_model
    load_model_weights(sd_model, checkpoint_info, state_dict, timer)
  File "/app/webui/modules/sd_models.py", line 424, in load_model_weights
    set_model_type(model, state_dict)
  File "/app/webui/modules/sd_models.py", line 397, in set_model_type
    elif hasattr(model.cond_stage_model, 'model'):
AttributeError: 'types.SimpleNamespace' object has no attribute 'cond_stage_model'

