HEAD victim/minions-base-data-only/resolve/main/tokenizer_config.json
GET  victim/minions-base-data-only/resolve/main/tokenizer_config.json
HEAD victim/minions-base-data-only/resolve/main/vocab.json
GET  victim/minions-base-data-only/resolve/main/vocab.json
HEAD victim/minions-base-data-only/resolve/main/merges.txt
GET  victim/minions-base-data-only/resolve/main/merges.txt
HEAD victim/minions-base-data-only/resolve/main/tokenizer.json
HEAD victim/minions-base-data-only/resolve/main/added_tokens.json
HEAD victim/minions-base-data-only/resolve/main/special_tokens_map.json
HEAD victim/minions-base-data-only/resolve/main/chat_template.jinja
HEAD victim/minions-base-data-only/resolve/main/config.json
GET  victim/minions-base-data-only/resolve/main/config.json
HEAD victim/minions-base-data-only/resolve/main/adapter_config.json
HEAD victim/minions-base-data-only/resolve/main/adapter_config.json
HEAD victim/minions-base-data-only/resolve/main/model.safetensors
HEAD victim/minions-base-data-only/resolve/main/model.safetensors.index.json
HEAD victim/minions-base-data-only/resolve/main/pytorch_model.bin
HEAD victim/minions-base-data-only/resolve/main/pytorch_model.bin.index.json
HEAD victim/minions-base-data-only/resolve/main/tf_model.h5
HEAD victim/minions-base-data-only/resolve/main/flax_model.msgpack
