#0 building with "desktop-linux" instance using docker driver

#1 [internal] load build definition from Dockerfile.local
#1 transferring dockerfile: 3.15kB 0.0s done
#1 DONE 0.0s

#2 [internal] load metadata for docker.io/library/debian:bookworm-slim
#2 DONE 0.2s

#3 [internal] load .dockerignore
#3 transferring context: 2B done
#3 DONE 0.0s

#4 [build 1/6] FROM docker.io/library/debian:bookworm-slim@sha256:3783cc01769c7b2b1b83a5c5ad96c815348e28ed7da68e2e3687004faa906251
#4 resolve docker.io/library/debian:bookworm-slim@sha256:3783cc01769c7b2b1b83a5c5ad96c815348e28ed7da68e2e3687004faa906251 0.0s done
#4 DONE 0.0s

#5 [internal] load build context
#5 transferring context: 182.74kB 0.2s done
#5 DONE 0.2s

#6 [build 2/6] COPY dl/go1.25.14.linux-amd64.tar.gz /tmp/go.tgz
#6 CACHED

#7 [build 4/6] COPY src /src
#7 CACHED

#8 [build 5/6] COPY vendor /src/vendor
#8 CACHED

#9 [stage-1  2/10] RUN sed -i 's|deb.debian.org|mirrors.ustc.edu.cn|g' /etc/apt/sources.list.d/debian.sources  && apt-get update  && apt-get install -y --no-install-recommends python3 ca-certificates  && ln -s /usr/bin/python3 /usr/local/bin/python  && rm -rf /var/lib/apt/lists/*
#9 CACHED

#10 [build 3/6] RUN tar -C /usr/local -xzf /tmp/go.tgz
#10 CACHED

#11 [build 6/6] RUN cd /src  && CGO_ENABLED=0 GOFLAGS="-mod=vendor -trimpath" go build -o /kit .  && /kit version
#11 CACHED

#12 [stage-1  3/10] COPY --from=build /kit /usr/local/bin/kit
#12 CACHED

#13 [stage-1  4/10] COPY src /work/kitops
#13 CACHED

#14 [stage-1  5/10] COPY example /work/example
#14 DONE 0.1s

#15 [stage-1  6/10] COPY exp /work/exp
#15 DONE 0.1s

#16 [stage-1  7/10] RUN kit version
#16 0.233 Version: unknown
#16 0.233 Commit: unknown
#16 0.233 Built: unknown
#16 0.233 Go version: go1.25.14
#16 DONE 0.3s

#17 [stage-1  8/10] RUN set -eu;     H="/root/.local/share/kitops/harness";     mkdir -p /work/prov/models;     printf 'manifestVersion: "1.0.0"\npackage:\n  name: prov\n  version: 0.0.1\nmodel:\n  name: prov\n  path: models\n' > /work/prov/Kitfile;     : > /work/prov/models/prov.gguf;     (timeout 120 kit dev start /work/prov --port 18080 >/work/prov/provision.log 2>&1 || true);     (timeout 60 kit dev stop >>/work/prov/provision.log 2>&1 || true);     mkdir -p "$H/ui";     if [ -s "$H/llamafile" ]; then echo "downloaded_by_product" > /work/harness_provenance.txt;     else printf '#!/bin/sh\nexit 127\n' > "$H/llamafile"; chmod +x "$H/llamafile";          echo "inert_placeholder_jozu.ml_unreachable_from_container" > /work/harness_provenance.txt; fi;     printf '0.8.16' > "$H/llamafile.version";     rm -f "$H/process.pid" "$H/harness.log";     ls -la "$H"; cat /work/harness_provenance.txt
#17 44.17 total 165836
#17 44.17 drwxr-xr-x 3 root root      4096 Sep 27 15:58 .
#17 44.17 drwxr-xr-x 3 root root      4096 Sep 27 15:57 ..
#17 44.17 -rwxr-xr-x 1 root root       163 Sep 27 15:58 ._.
#17 44.17 -rw-r--r-- 1 root root       163 Sep 27 15:58 ._llamafile
#17 44.17 -rw-r--r-- 1 root root       163 Sep 27 15:58 ._llamafile.version
#17 44.17 -rwxr-xr-x 1 root root 169787238 Sep 27 15:58 llamafile
#17 44.17 -rw-r--r-- 1 root root         6 Sep 27 15:58 llamafile.version
#17 44.17 drwxr-xr-x 6 root root      4096 Sep 27 15:58 ui
#17 44.17 downloaded_by_product
#17 DONE 44.4s

#18 [stage-1  9/10] RUN python /work/example/build_artifact.py /artifact && cat /artifact/SHA256SUMS
#18 0.161 {
#18 0.161   "benign_kit/Kitfile": "6d971837f2ee89042eb58b06466c97122f2065815204e1252bbecc52497d5b31",
#18 0.161   "benign_kit/models/model.gguf": "282aad56e1b088e1e1b7960672bd8cc14d511c92cff41a784eb1a0010b608944",
#18 0.161   "evil_kit/Kitfile": "5c237c108390d08b7972f7331a42e7eceb05352b742e2811b8fc9a4cafac3002",
#18 0.161   "evil_kit/models/;printf PWNED_BY_W11_KITOPS_KITFILE >/out/pwned_by_w11_kitops_kitfile;x.gguf": "282aad56e1b088e1e1b7960672bd8cc14d511c92cff41a784eb1a0010b608944",
#18 0.161   "nogguf_kit/Kitfile": "1492e7eb9919941c360ecf5ea698526b7e76f39ae7a08f959dd8ff7761487ca3",
#18 0.161   "nogguf_kit/models/README.txt": "bc34a8715fcd481ce3e46fe21eca026a7b37b863ce737f82753d97b9d7d3d992"
#18 0.161 }
#18 0.165 6d971837f2ee89042eb58b06466c97122f2065815204e1252bbecc52497d5b31  benign_kit/Kitfile
#18 0.165 282aad56e1b088e1e1b7960672bd8cc14d511c92cff41a784eb1a0010b608944  benign_kit/models/model.gguf
#18 0.165 5c237c108390d08b7972f7331a42e7eceb05352b742e2811b8fc9a4cafac3002  evil_kit/Kitfile
#18 0.165 282aad56e1b088e1e1b7960672bd8cc14d511c92cff41a784eb1a0010b608944  evil_kit/models/;printf PWNED_BY_W11_KITOPS_KITFILE >/out/pwned_by_w11_kitops_kitfile;x.gguf
#18 0.165 1492e7eb9919941c360ecf5ea698526b7e76f39ae7a08f959dd8ff7761487ca3  nogguf_kit/Kitfile
#18 0.165 bc34a8715fcd481ce3e46fe21eca026a7b37b863ce737f82753d97b9d7d3d992  nogguf_kit/models/README.txt
#18 DONE 0.2s

#19 [stage-1 10/10] WORKDIR /work
#19 DONE 0.1s

#20 exporting to image
#20 exporting layers
#20 exporting layers 5.9s done
#20 exporting manifest sha256:ba8fcf3994e26b5056303a519baf9196bbc0caac5959154fad043639ea430fde 0.0s done
#20 exporting config sha256:1d01bda0b459be8338a1f61b1ddef47ea35251bc60b0321fe5ce5a5b06128878 0.0s done
#20 exporting attestation manifest sha256:585d8b14e5e54c9afd02fd73b09c0959fe735ab4d835996360c253013f5a29d9
#20 exporting attestation manifest sha256:585d8b14e5e54c9afd02fd73b09c0959fe735ab4d835996360c253013f5a29d9 0.1s done
#20 exporting manifest list sha256:5e37a15874a5233a1cf2b21af34bdfbc961583e6066ac6bb81e9a2a38de0ecfc
#20 exporting manifest list sha256:5e37a15874a5233a1cf2b21af34bdfbc961583e6066ac6bb81e9a2a38de0ecfc 0.0s done
#20 naming to docker.io/mbe2e/v/kitops.kitfile_model_path_shell_injection:r1-w11 done
#20 unpacking to docker.io/mbe2e/v/kitops.kitfile_model_path_shell_injection:r1-w11
#20 unpacking to docker.io/mbe2e/v/kitops.kitfile_model_path_shell_injection:r1-w11 1.1s done
#20 DONE 7.4s

View build details: docker-desktop://dashboard/build/desktop-linux/desktop-linux/n284kutqjp03470x96yps4syo
