{
  "achieved_grade": "E2_product_e2e",
  "drive_method": "playwright",
  "negative": {
    "dom_milestones": [],
    "extensions_dir": [
      "put extensions here.txt"
    ],
    "phase": "neg",
    "product_reachable": true,
    "stage1": {
      "content": null,
      "present": false
    },
    "stage2": {
      "content": null,
      "present": false
    }
  },
  "negative_control_clean": true,
  "positive": {
    "after_browser": {
      "extensions_dir": [
        "mbe2e_lora",
        "put extensions here.txt"
      ],
      "stage1": {
        "content": "MBE2E-CANARY-a1111-sshs-stage1-v1",
        "present": true,
        "sha256": "66ed97156a320f0f3b48ca086f39b994632262a7f32542d04d1deaa77077bfee"
      }
    },
    "before": {
      "extensions_dir": [
        "put extensions here.txt"
      ],
      "stage1": {
        "content": null,
        "present": false
      },
      "stage2": {
        "content": null,
        "present": false
      }
    },
    "console_messages": 3,
    "dom_milestones": [
      "INSTALL_CLICKED",
      "INSTALL_UNCONFIRMED",
      "RESTART_CLICKED",
      "XSS_RAN"
    ],
    "extensions_dir_final": [
      "mbe2e_lora",
      "put extensions here.txt"
    ],
    "installer_ran_in_product_log": false,
    "phase": "pos",
    "product_reachable": true,
    "product_restarted_itself": true,
    "stage1": {
      "content": "MBE2E-CANARY-a1111-sshs-stage1-v1",
      "present": true,
      "sha256": "66ed97156a320f0f3b48ca086f39b994632262a7f32542d04d1deaa77077bfee"
    },
    "stage2": {
      "content": "MBE2E-CANARY-a1111-sshs-stage2-v1",
      "present": true,
      "sha256": "835b15bc74e1d8de480e433ef47b93604de5553cf34c06793769d163655d48f3"
    }
  },
  "product": "AUTOMATIC1111/stable-diffusion-webui",
  "product_commit": "82a973c04367123ae98bd9abdf80d9eda9b910e2",
  "product_commit_verified": "1",
  "root_key": "a1111.sshs_hash_xss_staged_rce",
  "sink_effect": "browser_token",
  "source_tree_sha256": "efbfdbe81a316f2e0758da403e8bb3e24dcd85c560bf369943372df936244905",
  "stage1_host_exec": true,
  "stage2_after_restart_import": true,
  "verdict": "PASS",
  "xss_executed_in_origin": true
}
rc_neg=0 rc_pos=0 rc_merge=0 treehash=efbfdbe81a316f2e0758da403e8bb3e24dcd85c560bf369943372df936244905 pin_ok=1
